
> my-v0-project@0.1.0 build C:\Users\Adamw\Documents\FantasySports\Fantasy_assistant\fantasy-football-assistant
> next build

   ▲ Next.js 15.2.4
   - Environments: .env
   - Experiments (use with caution):
     ✓ swcTraceProfiling

   Creating an optimized production build ...
 ✓ Compiled successfully
   Linting and checking validity of types ...

./app/api/rookie-draft/route.ts
70:27  Warning: 'request' is defined but never used.  @typescript-eslint/no-unused-vars

./components/cards/card-variants.tsx
71:13  Warning: '_leagueId' is defined but never used.  @typescript-eslint/no-unused-vars
254:14  Warning: '_isStarter' is assigned a value but never used.  @typescript-eslint/no-unused-vars
256:23  Warning: '_projectionsLoading' is assigned a value but never used.  @typescript-eslint/no-unused-vars

./components/filters/filter-controls.tsx
60:10  Warning: '_value' is defined but never used.  @typescript-eslint/no-unused-vars

./components/player/player-row.tsx
139:15  Warning: Using `<img>` could result in slower LCP and higher bandwidth. Consider using `<Image />` from `next/image` or a custom image loader to automatically optimize images. This may incur additional usage or cost from your provider. See: https://nextjs.org/docs/messages/no-img-element  @next/next/no-img-element

./components/rankings/RankingsEmptyStates.tsx
41:35  Warning: 'selectedSource' is defined but never used.  @typescript-eslint/no-unused-vars

./components/roster/player-card.tsx
33:49  Warning: '_isStarter' is defined but never used.  @typescript-eslint/no-unused-vars
33:90  Warning: '_projectionsLoading' is defined but never used.  @typescript-eslint/no-unused-vars

./components/ui/error-display.tsx
305:14  Warning: 'err' is defined but never used.  @typescript-eslint/no-unused-vars

./lib/dynasty/draft-pick-valuation.ts
241:3  Warning: 'config' is assigned a value but never used.  @typescript-eslint/no-unused-vars

./lib/dynasty/player-value-service.ts
250:9  Warning: 'position' is assigned a value but never used.  @typescript-eslint/no-unused-vars

./lib/dynasty/rookie-data-service.ts
14:3  Warning: 'NFLDraftCapital' is defined but never used.  @typescript-eslint/no-unused-vars
15:3  Warning: 'DynastyProjection' is defined but never used.  @typescript-eslint/no-unused-vars
17:15  Warning: 'SleeperPlayer' is defined but never used.  @typescript-eslint/no-unused-vars

./lib/dynasty/rookie-nfl-data-service.ts
18:29  Warning: 'NFLDraftCapital' is defined but never used.  @typescript-eslint/no-unused-vars

./lib/dynasty/rookie-season-utils.ts
44:9  Warning: 'day' is assigned a value but never used.  @typescript-eslint/no-unused-vars

./lib/nfl-data-cache-service.ts
216:5  Warning: '_options' is defined but never used.  @typescript-eslint/no-unused-vars

./lib/schemas/nfl-data-schemas.ts
380:1  Warning: Assign object to a variable before exporting as module default  import/no-anonymous-default-export

./lib/schemas/sleeper-schemas.ts
436:1  Warning: Assign object to a variable before exporting as module default  import/no-anonymous-default-export

./lib/sleeper-api.ts
140:5  Warning: '_timeoutMs' is assigned a value but never used.  @typescript-eslint/no-unused-vars

./lib/__tests__/api-retry.test.ts
5:3  Warning: 'RetryOptions' is defined but never used.  @typescript-eslint/no-unused-vars
216:13  Warning: 'promise' is assigned a value but never used.  @typescript-eslint/no-unused-vars

info  - Need to disable some ESLint rules? Learn more here: https://nextjs.org/docs/app/api-reference/config/eslint#disabling-rules
   Collecting page data ...
   Generating static pages (0/19) ...
[v0] Layout rendering...
[v0] HomePage rendering...
[v0] Layout rendering...
[v0] Layout rendering...
[v0] Layout rendering...
[v0] Layout rendering...
   Generating static pages (4/19) 
[v0] Layout rendering...
[v0] Layout rendering...
[v0] Layout rendering...
[v0] Layout rendering...
[v0] Layout rendering...
   Generating static pages (9/19) 
[v0] Layout rendering...
   Generating static pages (14/19) 
 ✓ Generating static pages (19/19)
   Finalizing page optimization ...
   Collecting build traces ...

Route (app)                                 Size  First Load JS
┌ ○ /                                    5.59 kB         133 kB
├ ○ /_not-found                            988 B         102 kB
├ ƒ /api/cache/health                      159 B         102 kB
├ ƒ /api/cache/invalidate                  159 B         102 kB
├ ƒ /api/cache/stats                       159 B         102 kB
├ ƒ /api/cache/warm                        159 B         102 kB
├ ƒ /api/nfl-data                          159 B         102 kB
├ ƒ /api/rookie-draft                      159 B         102 kB
├ ○ /dashboard                           17.2 kB         191 kB
├ ○ /dynasty-status-demo                  6.3 kB         130 kB
├ ○ /more                                6.17 kB         119 kB
├ ○ /nfl-data                            9.16 kB         157 kB
├ ○ /player-row-demo                     5.56 kB         115 kB
├ ○ /rankings                            10.8 kB         182 kB
├ ○ /recommendations                     11.9 kB         177 kB
├ ○ /rookie-draft                        10.9 kB         151 kB
└ ○ /trades                              3.01 kB         151 kB
+ First Load JS shared by all             101 kB
  ├ chunks/3422-ec0ac03baebd1640.js      45.9 kB
  ├ chunks/359746bb-df67e45daec3b3c5.js  53.3 kB
  └ other shared chunks (total)          2.32 kB


○  (Static)   prerendered as static content
ƒ  (Dynamic)  server-rendered on demand

